// Jest Snapshot v1, https://goo.gl/fbAQLP

exports[`Form Component should render form correctly 1`] = `
<form
  onSubmit={[Function]}
>
  <div
    errors={Object {}}
    key=".0"
    register={[Function]}
    setValue={[Function]}
  >
    <FieldSelect__StyledFieldSelect
      label="Type of user"
      name="typeOfUser"
      options={
        Array [
          "Admin",
          "Read Only",
        ]
      }
      validateOnBlur={true}
    />
    <FieldInput__StyledFieldInput
      label="User Name"
      name="username"
      type="text"
    />
  </div>
  <Button
    ariaLabel=""
    className=""
    disabled={false}
    elementLocator=""
    errors={Object {}}
    inheritedStyles=""
    key=".1"
    primary={true}
    register={[Function]}
    secondary={false}
    setValue={[Function]}
    tertiary={false}
    transparent={false}
    type="submit"
    variation=""
  >
    Submit
  </Button>
</form>
`;

exports[`Form Component should render form field with no validation 1`] = `
<form
  onSubmit={[Function]}
>
  <div
    errors={Object {}}
    key=".0"
    register={[Function]}
    setValue={[Function]}
  >
    <FieldInput__StyledFieldInput
      label="User Name"
      name="username"
      type="text"
    />
    <FieldSelect__StyledFieldSelect
      label="Type of user"
      name="typeOfUser"
      options={
        Array [
          "Admin",
          "Read Only",
        ]
      }
      validateOnBlur={true}
    />
  </div>
  <Button
    ariaLabel=""
    className=""
    disabled={false}
    elementLocator=""
    errors={Object {}}
    inheritedStyles=""
    key=".1"
    primary={true}
    register={[Function]}
    secondary={false}
    setValue={[Function]}
    tertiary={false}
    transparent={false}
    type="submit"
    variation=""
  >
    Submit
  </Button>
</form>
`;

exports[`Form Component should render form field with yupValidationSchema 1`] = `
<form
  onSubmit={[Function]}
>
  <div
    errors={Object {}}
    key=".0"
    register={[Function]}
    setValue={[Function]}
  >
    <FieldInput__StyledFieldInput
      label="User Name"
      name="username"
      type="text"
    />
    <FieldSelect__StyledFieldSelect
      label="Type of user"
      name="typeOfUser"
      options={
        Array [
          "Admin",
          "Read Only",
        ]
      }
      validateOnBlur={true}
    />
  </div>
  <Button
    ariaLabel=""
    className=""
    disabled={false}
    elementLocator=""
    errors={Object {}}
    inheritedStyles=""
    key=".1"
    primary={true}
    register={[Function]}
    secondary={false}
    setValue={[Function]}
    tertiary={false}
    transparent={false}
    type="submit"
    variation=""
  >
    Submit
  </Button>
</form>
`;
