// Jest Snapshot v1, https://goo.gl/fbAQLP

exports[`<Track /> should render correctly 1`] = `
<track
  kind="subtitles"
/>
`;
