// Jest Snapshot v1, https://goo.gl/fbAQLP

exports[`Label Component should render correctly 1`] = `
<label
  className=""
  data-locator="label-userid--user"
  htmlFor="userid"
>
   User Name 
</label>
`;
