// Jest Snapshot v1, https://goo.gl/fbAQLP

exports[`<Toast /> <Toast />should render correctly 1`] = `<Fragment />`;
