// Jest Snapshot v1, https://goo.gl/fbAQLP

exports[`<Popover /> Rendering should render correctly 1`] = `
<div
  className="popover-wrap"
  role="presentation"
/>
`;
